
=== stage 1: 24 trials x 25 epochs x 1 repeats ===

--- stage 1 (ranked by avg_balanced_accuracy) ---
avg_balanced_accuracy	avg_mae	avg_accuracy	density.balance_empty_class	density.decoder_dropout	density.decoder_hidden	density.sigma	nn.batch_size	nn.lr	nn.scheduler.min_lr_ratio	nn.scheduler.num_warmup_epochs	nn.weight_decay
nan	0.3439	0.6667	True	0	32	0.06	8	0.00017073	0.1	5	0.00043691
nan	0.4021	0.6085	False	0.3	32	0.04	16	0.00042152	0.01	5	0.00021146
nan	0.4074	0.6032	True	0.3	64	0.08	32	0.0011627	0.1	1	0.00026361
nan	0.4127	0.5873	False	0	32	0.06	16	0.001114	0.1	5	0.00030876
nan	0.4286	0.5767	False	0	64	0.08	32	0.00098259	0.1	1	0.00065077
nan	0.4339	0.5820	False	0	32	0.08	32	0.00072279	0.1	1	0.00083471
nan	0.4762	0.5397	False	0.1	32	0.04	16	0.00068474	0.01	3	0.00056875
nan	0.5026	0.5185	True	0.3	64	0.06	16	0.0017348	0.1	5	0.00029683
nan	0.5026	0.5344	True	0.1	32	0.06	32	0.00052193	0.1	3	0.00094847
nan	0.5185	0.5132	True	0.3	32	0.04	32	0.00090199	0.1	1	0.00070722

=== stage 2: 6 trials x 100 epochs x 3 repeats ===

--- stage 2 (ranked by avg_balanced_accuracy) ---
avg_balanced_accuracy	avg_mae	avg_accuracy	density.balance_empty_class	density.decoder_dropout	density.decoder_hidden	density.sigma	nn.batch_size	nn.lr	nn.scheduler.min_lr_ratio	nn.scheduler.num_warmup_epochs	nn.weight_decay
0.8221	0.2134	0.7866	False	0	32	0.06	16	0.001114	0.1	5	0.00030876
0.8169	0.2434	0.7566	True	0.3	64	0.08	32	0.0011627	0.1	1	0.00026361
0.7979	0.2451	0.7584	False	0	32	0.08	32	0.00072279	0.1	1	0.00083471
0.7403	0.3157	0.6878	False	0	64	0.08	32	0.00098259	0.1	1	0.00065077
nan	0.1499	0.8519	True	0	32	0.06	8	0.00017073	0.1	5	0.00043691
nan	0.1534	0.8466	False	0.3	32	0.04	16	0.00042152	0.01	5	0.00021146

=== stage 3: 2 trials x 100 epochs x 5 repeats ===

--- stage 3 (ranked by avg_balanced_accuracy) ---
avg_balanced_accuracy	avg_mae	avg_accuracy	density.balance_empty_class	density.decoder_dropout	density.decoder_hidden	density.sigma	nn.batch_size	nn.lr	nn.scheduler.min_lr_ratio	nn.scheduler.num_warmup_epochs	nn.weight_decay
0.8232	0.2360	0.7651	True	0.3	64	0.08	32	0.0011627	0.1	1	0.00026361
0.8209	0.2148	0.7852	False	0	32	0.06	16	0.001114	0.1	5	0.00030876

Best config written to output/sweep/density_map_empty_room/summary.json
