wandb: Using wandb-core as the SDK backend. Please refer to https://wandb.me/wandb-core for more information.
wandb: Tracking run with wandb version 0.18.3
wandb: W&B syncing is set to `offline` in this directory.  
wandb: Run `wandb online` or set WANDB_MODE=online to enable cloud syncing.
wandb: - 0.000 MB of 0.000 MB uploadedwandb:                                                                                
wandb: 
wandb: Run history:
wandb:                                       epoch ▁▁▁▁▂▂▂▂▂▃▃▃▃▃▄▄▄▄▄▄▅▅▅▅▅▆▆▆▆▆▆▇▇▇▇▇▇███
wandb:                               learning_rate ███████▇▇▇▇▇▇▆▆▆▅▅▅▅▄▄▄▃▃▃▃▂▂▂▁▁▁▁▁▁▁▁▁▁
wandb:    test_results_per_env/classroom/count_mae ▁
wandb: test_results_per_env/classroom/detection_f1 ▁
wandb: test_results_per_env/classroom/mean_error_m ▁
wandb:                                  train_loss █▅▄▄▃▂▂▂▂▂▂▂▂▂▂▂▂▂▂▂▁▁▁▁▁▁▁▁▁▁▁▁▁▁▁▁▁▁▁▁
wandb:                             valid_count_mae █▃▂▂▂▂▂▂▂▂▃▂▂▂▂▂▁▁▁▂▂▂▂▂▂▁▁▂▂▂▂▁▂▁▁▁▁▁▁▁
wandb:                          valid_detection_f1 ▃▁▂▂▂▅▅▅▃▄▅▆▂▅▅▆▄▆▇▇▆▆▅▇▅▆▆█▇▅▇▇▇▇▇▇▇▇▇▇
wandb:                               valid_error_m ▆████▇▃▄▇▇▇▄██▇▇▇▂▂▁▆▇▅▇▅▇▃▁▇▆▆▆▄▅▄▄▄▃▃▃
wandb:                      valid_error_m_smoothed ▆▇▇███▅▅▆▆▇▆▇▇▇▆▇▇▄▃▃▄▅▅▆▆▆▃▄▅▅▄▄▄▃▃▃▂▁▁
wandb:                                  valid_loss █▅▄▃▃▂▂▂▃▂▂▂▂▂▂▂▂▁▂▁▁▁▁▁▁▁▁▁▁▁▁▁▁▁▁▁▁▁▁▁
wandb: 
wandb: Run summary:
wandb:                                       epoch 49
wandb:                               learning_rate 0.00012
wandb:    test_results_per_env/classroom/count_mae 1.86667
wandb: test_results_per_env/classroom/detection_f1 0.59459
wandb: test_results_per_env/classroom/mean_error_m 3.11613
wandb:                                  train_loss 0.53499
wandb:                             valid_count_mae 0.66667
wandb:                          valid_detection_f1 0.4359
wandb:                               valid_error_m 4.6414
wandb:                      valid_error_m_smoothed 4.79754
wandb:                                  valid_loss 0.53005
wandb: 
wandb: You can sync this run to the cloud by running:
wandb: wandb sync /cluster/raid/home/jajo/AMAR/wandb/offline-run-20261006_163357-cpq7enjf
wandb: Find logs at: ./wandb/offline-run-20261006_163357-cpq7enjf/logs
wandb: Tracking run with wandb version 0.18.3
wandb: W&B syncing is set to `offline` in this directory.  
wandb: Run `wandb online` or set WANDB_MODE=online to enable cloud syncing.
wandb: - 0.000 MB of 0.000 MB uploadedwandb:                                                                                
wandb: 
wandb: Run history:
wandb:                                       epoch ▁▁▁▁▂▂▂▂▂▃▃▃▃▃▃▄▄▄▄▄▅▅▅▅▅▅▆▆▆▆▆▆▇▇▇▇▇▇██
wandb:                               learning_rate ███████▇▇▇▇▇▇▆▆▅▅▅▅▄▄▃▃▃▃▂▂▂▂▁▁▁▁▁▁▁▁▁▁▁
wandb:    test_results_per_env/classroom/count_mae ▁
wandb: test_results_per_env/classroom/detection_f1 ▁
wandb: test_results_per_env/classroom/mean_error_m ▁
wandb:                                  train_loss ██▆▅▅▄▄▄▄▃▃▃▃▃▃▃▂▂▃▂▃▂▂▂▂▂▂▁▂▁▁▁▁▁▁▁▁▁▁▁
wandb:                             valid_count_mae ▆▆█▄▃▅▃▄▅▄▄▅▄▅▄▄▅▄▅▄▄▄▂▃▁▄▁▁▂▁▁▂▁▁▂▁▁▂▂▂
wandb:                          valid_detection_f1 ▁▁▃▃▃▅▅▄▃▄▄▅▄▄▄▅▅▅▅▆▆▅▅▆▆▇▆▇▇▇████████▇█
wandb:                               valid_error_m ██▇▇▆▆▇▁▇██▇▇▇▇▂█▇█▆▆▃▇▇▂▁▂▇▂▁▂▂▁▂▂▂▁▂▂▂
wandb:                      valid_error_m_smoothed ███▇▇▇▅▆▆▆▇▇▇▇▇▆▆▇▆▇▅▆▆▅▄▃▄▃▃▂▁▁▁▁▁▁▁▁▁▁
wandb:                                  valid_loss █▆▆▄▄▃▃▃▃▃▂▂▂▂▂▂▂▂▂▂▂▂▂▁▂▁▁▁▁▁▁▁▁▁▁▁▁▁▁▁
wandb: 
wandb: Run summary:
wandb:                                       epoch 49
wandb:                               learning_rate 0.00012
wandb:    test_results_per_env/classroom/count_mae 1.93333
wandb: test_results_per_env/classroom/detection_f1 0.625
wandb: test_results_per_env/classroom/mean_error_m 3.15712
wandb:                                  train_loss 0.5533
wandb:                             valid_count_mae 0.66667
wandb:                          valid_detection_f1 0.5
wandb:                               valid_error_m 4.28727
wandb:                      valid_error_m_smoothed 4.22062
wandb:                                  valid_loss 0.52568
wandb: 
wandb: You can sync this run to the cloud by running:
wandb: wandb sync /cluster/raid/home/jajo/AMAR/wandb/offline-run-20261006_163455-u1txqayk
wandb: Find logs at: ./wandb/offline-run-20261006_163455-u1txqayk/logs
wandb: Tracking run with wandb version 0.18.3
wandb: W&B syncing is set to `offline` in this directory.  
wandb: Run `wandb online` or set WANDB_MODE=online to enable cloud syncing.
wandb: - 0.000 MB of 0.000 MB uploadedwandb:                                                                                
wandb: 
wandb: Run history:
wandb:                                       epoch ▁▁▁▁▂▂▂▂▂▂▃▃▃▃▃▄▄▄▄▄▄▅▅▅▅▅▆▆▆▆▆▆▇▇▇▇▇███
wandb:                               learning_rate ██████▇▇▇▇▇▇▆▆▆▅▅▅▄▄▄▃▃▃▃▂▂▂▂▁▁▁▁▁▁▁▁▁▁▁
wandb:    test_results_per_env/classroom/count_mae ▁
wandb: test_results_per_env/classroom/detection_f1 ▁
wandb: test_results_per_env/classroom/mean_error_m ▁
wandb:                                  train_loss █▇▇▅▄▄▃▃▃▃▃▃▃▂▂▂▃▂▂▂▂▂▂▂▂▂▂▂▂▂▁▁▂▂▁▁▁▁▁▁
wandb:                             valid_count_mae ▅▅█▅▄▄▅▅▅▁▃▄▄▄▄▂▃▄▃▄▄▄▄▂▃▄▃▃▃▃▃▃▂▂▂▂▂▂▂▂
wandb:                          valid_detection_f1 ▁▁▃▂▄▃▆▇▅▆▅▄▅▄▆▅▅▄▆▄▄▇▅▅▅▆▆▆▆▆▇▇█▆▇▇▇▇██
wandb:                               valid_error_m ████▅▅▇█▁█▇▇▇▇▇▅▇▆█▄▇▃▆▇▇▆▆▆▇▆▄▄▄▄▅▄▃▃▃▂
wandb:                      valid_error_m_smoothed ███▇▇▆▇▇▄▅▅▆▆▆▆▅▅▅▆▅▆▆▅▅▅▅▆▅▆▅▄▄▃▃▃▃▂▂▂▁
wandb:                                  valid_loss ▅█▅▃▄▄▃▃▂▂▂▂▂▂▂▁▁▁▁▂▁▁▂▁▁▁▁▁▁▁▁▁▁▁▁▁▁▁▁▁
wandb: 
wandb: Run summary:
wandb:                                       epoch 49
wandb:                               learning_rate 0.00012
wandb:    test_results_per_env/classroom/count_mae 1.81667
wandb: test_results_per_env/classroom/detection_f1 0.50473
wandb: test_results_per_env/classroom/mean_error_m 3.41494
wandb:                                  train_loss 0.5125
wandb:                             valid_count_mae 0.5
wandb:                          valid_detection_f1 0.53488
wandb:                               valid_error_m 3.63523
wandb:                      valid_error_m_smoothed 3.98883
wandb:                                  valid_loss 0.55222
wandb: 
wandb: You can sync this run to the cloud by running:
wandb: wandb sync /cluster/raid/home/jajo/AMAR/wandb/offline-run-20261006_163552-fqr0kzr8
wandb: Find logs at: ./wandb/offline-run-20261006_163552-fqr0kzr8/logs
Loading rooms:
  loaded wimans empty_room   X (60, 400, 90) users/sample 2.65 span (5.1, 10.3)
  loaded wimans meeting_room X (60, 400, 90) users/sample 2.65 span (5.1, 10.3)
  loaded wimans classroom    X (60, 400, 90) users/sample 2.65 span (5.1, 10.3)
  loaded hwild  Conference   X (60, 400, 90) users/sample 1.00 span (10.0, 10.0)
  loaded hwild  Laboratory   X (60, 400, 90) users/sample 1.00 span (12.0, 12.0)
  loaded hwild  Office       X (60, 400, 90) users/sample 1.00 span (10.0, 16.0)
  loaded hwild  Lounge       X (60, 400, 90) users/sample 1.00 span (16.0, 16.0)
Folds (held-out rooms): ['classroom']

========================================================================================
Fold: held-out classroom (wimans) | train ['empty_room', 'meeting_room', 'Conference', 'Laboratory', 'Office', 'Lounge']
========================================================================================
Using device: cuda
Training rooms: ['empty_room', 'meeting_room', 'Conference', 'Laboratory', 'Office', 'Lounge'] (324 train / 36 valid) | Test rooms: ['classroom']
Repeat 0
Epoch 0/50 - 1.98s - Loss 1.807723 - ValidLoss 1.658911 - ValidErr 6.7247 m - CntMAE 4.611 - DetF1 0.135 - Smooth 6.7247 m
Epoch 1/50 - 0.84s - Loss 1.299519 - ValidLoss 1.513789 - ValidErr 7.9663 m - CntMAE 1.389 - DetF1 0.000 - Smooth 7.0972 m
Epoch 2/50 - 0.84s - Loss 1.065407 - ValidLoss 1.024157 - ValidErr 7.9022 m - CntMAE 1.333 - DetF1 0.077 - Smooth 7.3387 m
Epoch 3/50 - 0.84s - Loss 1.030118 - ValidLoss 0.895445 - ValidErr 7.8395 m - CntMAE 1.333 - DetF1 0.103 - Smooth 7.4889 m
Epoch 4/50 - 0.84s - Loss 0.972324 - ValidLoss 0.826859 - ValidErr 7.8388 m - CntMAE 1.333 - DetF1 0.100 - Smooth 7.5939 m
Epoch 5/50 - 0.84s - Loss 0.918560 - ValidLoss 0.781045 - ValidErr 7.6633 m - CntMAE 1.167 - DetF1 0.065 - Smooth 7.6147 m
Epoch 6/50 - 0.84s - Loss 0.851077 - ValidLoss 0.787597 - ValidErr 7.1872 m - CntMAE 1.250 - DetF1 0.301 - Smooth 7.4864 m
Epoch 7/50 - 0.84s - Loss 0.796617 - ValidLoss 0.713453 - ValidErr 4.4607 m - CntMAE 0.694 - DetF1 0.337 - Smooth 6.5787 m
Epoch 8/50 - 0.84s - Loss 0.755333 - ValidLoss 0.739297 - ValidErr 5.3517 m - CntMAE 0.750 - DetF1 0.306 - Smooth 6.2106 m
Epoch 9/50 - 0.84s - Loss 0.777000 - ValidLoss 0.676674 - ValidErr 7.6196 m - CntMAE 1.222 - DetF1 0.147 - Smooth 6.6333 m
Epoch 10/50 - 0.84s - Loss 0.745185 - ValidLoss 0.780945 - ValidErr 7.5082 m - CntMAE 1.194 - DetF1 0.262 - Smooth 6.8958 m
Epoch 11/50 - 0.84s - Loss 0.786719 - ValidLoss 0.667208 - ValidErr 7.2581 m - CntMAE 0.944 - DetF1 0.273 - Smooth 7.0045 m
Epoch 12/50 - 0.84s - Loss 0.761413 - ValidLoss 0.670527 - ValidErr 7.4940 m - CntMAE 1.167 - DetF1 0.286 - Smooth 7.1513 m
Epoch 13/50 - 0.84s - Loss 0.715526 - ValidLoss 0.674747 - ValidErr 5.5856 m - CntMAE 0.833 - DetF1 0.386 - Smooth 6.6816 m
Epoch 14/50 - 0.84s - Loss 0.744821 - ValidLoss 0.702248 - ValidErr 7.8391 m - CntMAE 1.361 - DetF1 0.098 - Smooth 7.0289 m
Epoch 15/50 - 0.85s - Loss 0.715380 - ValidLoss 0.665128 - ValidErr 7.7098 m - CntMAE 1.306 - DetF1 0.290 - Smooth 7.2331 m
Epoch 16/50 - 0.84s - Loss 0.754210 - ValidLoss 0.629740 - ValidErr 7.5978 m - CntMAE 1.222 - DetF1 0.278 - Smooth 7.3425 m
Epoch 17/50 - 0.84s - Loss 0.694983 - ValidLoss 0.644573 - ValidErr 7.5698 m - CntMAE 1.083 - DetF1 0.232 - Smooth 7.4107 m
Epoch 18/50 - 0.84s - Loss 0.707354 - ValidLoss 0.633909 - ValidErr 5.4210 m - CntMAE 0.861 - DetF1 0.370 - Smooth 6.8138 m
Epoch 19/50 - 0.84s - Loss 0.675774 - ValidLoss 0.630236 - ValidErr 7.4509 m - CntMAE 1.222 - DetF1 0.265 - Smooth 7.0049 m
Epoch 20/50 - 0.84s - Loss 0.667585 - ValidLoss 0.605483 - ValidErr 7.4392 m - CntMAE 1.083 - DetF1 0.366 - Smooth 7.1352 m
Epoch 21/50 - 0.84s - Loss 0.651355 - ValidLoss 0.585601 - ValidErr 3.7525 m - CntMAE 0.556 - DetF1 0.432 - Smooth 6.1204 m
Epoch 22/50 - 0.84s - Loss 0.651704 - ValidLoss 0.614452 - ValidErr 4.1035 m - CntMAE 0.611 - DetF1 0.422 - Smooth 5.5153 m
Epoch 23/50 - 0.84s - Loss 0.632436 - ValidLoss 0.559861 - ValidErr 3.4120 m - CntMAE 0.444 - DetF1 0.478 - Smooth 4.8843 m
Epoch 24/50 - 0.84s - Loss 0.634994 - ValidLoss 0.550846 - ValidErr 7.4217 m - CntMAE 1.056 - DetF1 0.389 - Smooth 5.6455 m
Epoch 25/50 - 0.84s - Loss 0.615814 - ValidLoss 0.568025 - ValidErr 6.8552 m - CntMAE 0.889 - DetF1 0.405 - Smooth 6.0084 m
Epoch 26/50 - 0.84s - Loss 0.615623 - ValidLoss 0.536995 - ValidErr 7.5522 m - CntMAE 1.111 - DetF1 0.312 - Smooth 6.4716 m
Epoch 27/50 - 0.84s - Loss 0.614565 - ValidLoss 0.567110 - ValidErr 5.9809 m - CntMAE 0.861 - DetF1 0.427 - Smooth 6.3244 m
Epoch 28/50 - 0.84s - Loss 0.605896 - ValidLoss 0.547842 - ValidErr 7.5443 m - CntMAE 1.111 - DetF1 0.312 - Smooth 6.6903 m
Epoch 29/50 - 0.84s - Loss 0.572113 - ValidLoss 0.557313 - ValidErr 6.0763 m - CntMAE 0.861 - DetF1 0.519 - Smooth 6.5061 m
Epoch 30/50 - 0.84s - Loss 0.593068 - ValidLoss 0.567595 - ValidErr 7.4399 m - CntMAE 1.028 - DetF1 0.358 - Smooth 6.7862 m
Epoch 31/50 - 0.84s - Loss 0.592596 - ValidLoss 0.561465 - ValidErr 7.4542 m - CntMAE 1.056 - DetF1 0.382 - Smooth 6.9866 m
Epoch 32/50 - 0.84s - Loss 0.574530 - ValidLoss 0.532722 - ValidErr 4.6201 m - CntMAE 0.611 - DetF1 0.537 - Smooth 6.2767 m
Epoch 33/50 - 0.84s - Loss 0.581596 - ValidLoss 0.541908 - ValidErr 3.7078 m - CntMAE 0.472 - DetF1 0.471 - Smooth 5.5060 m
Epoch 34/50 - 0.84s - Loss 0.576185 - ValidLoss 0.541126 - ValidErr 7.2336 m - CntMAE 1.028 - DetF1 0.308 - Smooth 6.0243 m
Epoch 35/50 - 0.84s - Loss 0.558945 - ValidLoss 0.525728 - ValidErr 6.5245 m - CntMAE 0.917 - DetF1 0.423 - Smooth 6.1743 m
Epoch 36/50 - 0.84s - Loss 0.567150 - ValidLoss 0.544592 - ValidErr 6.3458 m - CntMAE 0.861 - DetF1 0.468 - Smooth 6.2258 m
Epoch 37/50 - 0.84s - Loss 0.565882 - ValidLoss 0.540214 - ValidErr 6.6959 m - CntMAE 0.917 - DetF1 0.423 - Smooth 6.3668 m
Epoch 38/50 - 0.84s - Loss 0.556893 - ValidLoss 0.543186 - ValidErr 6.6552 m - CntMAE 0.889 - DetF1 0.432 - Smooth 6.4533 m
Epoch 39/50 - 0.84s - Loss 0.538409 - ValidLoss 0.539869 - ValidErr 5.5926 m - CntMAE 0.722 - DetF1 0.436 - Smooth 6.1951 m
Epoch 40/50 - 0.84s - Loss 0.548582 - ValidLoss 0.540264 - ValidErr 5.7544 m - CntMAE 0.750 - DetF1 0.453 - Smooth 6.0629 m
Epoch 41/50 - 0.84s - Loss 0.554661 - ValidLoss 0.551461 - ValidErr 5.4030 m - CntMAE 0.722 - DetF1 0.462 - Smooth 5.8649 m
Epoch 42/50 - 0.84s - Loss 0.543196 - ValidLoss 0.540668 - ValidErr 4.8255 m - CntMAE 0.667 - DetF1 0.463 - Smooth 5.5531 m
Epoch 43/50 - 0.84s - Loss 0.553072 - ValidLoss 0.535761 - ValidErr 5.3452 m - CntMAE 0.722 - DetF1 0.450 - Smooth 5.4907 m
Epoch 44/50 - 0.84s - Loss 0.541529 - ValidLoss 0.536355 - ValidErr 5.4262 m - CntMAE 0.722 - DetF1 0.462 - Smooth 5.4714 m
Epoch 45/50 - 0.84s - Loss 0.543498 - ValidLoss 0.541030 - ValidErr 5.2995 m - CntMAE 0.694 - DetF1 0.444 - Smooth 5.4198 m
Epoch 46/50 - 0.84s - Loss 0.546992 - ValidLoss 0.534094 - ValidErr 4.6784 m - CntMAE 0.667 - DetF1 0.439 - Smooth 5.1974 m
Epoch 47/50 - 0.84s - Loss 0.524802 - ValidLoss 0.540196 - ValidErr 4.5117 m - CntMAE 0.639 - DetF1 0.458 - Smooth 4.9917 m
Epoch 48/50 - 0.84s - Loss 0.537575 - ValidLoss 0.531211 - ValidErr 4.5676 m - CntMAE 0.667 - DetF1 0.425 - Smooth 4.8645 m
Epoch 49/50 - 0.84s - Loss 0.534994 - ValidLoss 0.530050 - ValidErr 4.6414 m - CntMAE 0.667 - DetF1 0.436 - Smooth 4.7975 m
Epoch that the model was saved 49 - best smoothed error 4.7975 m
  calibrated objectness threshold: 0.30
  [classroom] setErr 3.1161 m - matchedMDE 0.7883 m - cntMAE 1.867 - exactCnt 0.167 - detF1 0.595 - const 3.3365 m
Repeat 1
Epoch 0/50 - 0.85s - Loss 1.236455 - ValidLoss 1.362230 - ValidErr 7.9663 m - CntMAE 1.389 - DetF1 0.000 - Smooth 7.9663 m
Epoch 1/50 - 0.84s - Loss 1.213473 - ValidLoss 1.172885 - ValidErr 7.7613 m - CntMAE 1.389 - DetF1 0.030 - Smooth 7.9048 m
Epoch 2/50 - 0.84s - Loss 1.076835 - ValidLoss 1.065865 - ValidErr 7.4882 m - CntMAE 1.778 - DetF1 0.138 - Smooth 7.7798 m
Epoch 3/50 - 0.84s - Loss 0.975468 - ValidLoss 0.831891 - ValidErr 7.6036 m - CntMAE 1.111 - DetF1 0.121 - Smooth 7.7269 m
Epoch 4/50 - 0.84s - Loss 0.923847 - ValidLoss 0.856997 - ValidErr 6.7102 m - CntMAE 1.111 - DetF1 0.174 - Smooth 7.4219 m
Epoch 5/50 - 0.84s - Loss 0.843756 - ValidLoss 0.682420 - ValidErr 7.2899 m - CntMAE 0.972 - DetF1 0.154 - Smooth 7.3823 m
Epoch 6/50 - 0.84s - Loss 0.803856 - ValidLoss 0.736204 - ValidErr 6.6115 m - CntMAE 1.194 - DetF1 0.280 - Smooth 7.1510 m
Epoch 7/50 - 0.84s - Loss 0.786448 - ValidLoss 0.713970 - ValidErr 7.2987 m - CntMAE 1.167 - DetF1 0.195 - Smooth 7.1953 m
Epoch 8/50 - 0.85s - Loss 0.808647 - ValidLoss 0.737148 - ValidErr 3.5919 m - CntMAE 0.833 - DetF1 0.293 - Smooth 6.1143 m
Epoch 9/50 - 0.85s - Loss 0.782172 - ValidLoss 0.711389 - ValidErr 7.6342 m - CntMAE 1.139 - DetF1 0.190 - Smooth 6.5703 m
Epoch 10/50 - 0.84s - Loss 0.768521 - ValidLoss 0.713813 - ValidErr 7.8035 m - CntMAE 1.278 - DetF1 0.129 - Smooth 6.9403 m
Epoch 11/50 - 0.84s - Loss 0.770891 - ValidLoss 0.717185 - ValidErr 7.5082 m - CntMAE 1.139 - DetF1 0.197 - Smooth 7.1106 m
Epoch 12/50 - 0.84s - Loss 0.752283 - ValidLoss 0.658229 - ValidErr 7.6920 m - CntMAE 1.194 - DetF1 0.185 - Smooth 7.2850 m
Epoch 13/50 - 0.84s - Loss 0.708887 - ValidLoss 0.639545 - ValidErr 7.6302 m - CntMAE 1.083 - DetF1 0.197 - Smooth 7.3886 m
Epoch 14/50 - 0.84s - Loss 0.740807 - ValidLoss 0.664575 - ValidErr 7.4330 m - CntMAE 1.167 - DetF1 0.325 - Smooth 7.4019 m
Epoch 15/50 - 0.85s - Loss 0.712634 - ValidLoss 0.670812 - ValidErr 7.5170 m - CntMAE 1.139 - DetF1 0.209 - Smooth 7.4365 m
Epoch 16/50 - 0.84s - Loss 0.704502 - ValidLoss 0.655090 - ValidErr 7.6122 m - CntMAE 1.194 - DetF1 0.215 - Smooth 7.4892 m
Epoch 17/50 - 0.84s - Loss 0.691567 - ValidLoss 0.620807 - ValidErr 7.4314 m - CntMAE 1.139 - DetF1 0.232 - Smooth 7.4718 m
Epoch 18/50 - 0.84s - Loss 0.684905 - ValidLoss 0.635494 - ValidErr 3.8325 m - CntMAE 0.667 - DetF1 0.341 - Smooth 6.3800 m
Epoch 19/50 - 0.84s - Loss 0.669266 - ValidLoss 0.610840 - ValidErr 7.6991 m - CntMAE 1.194 - DetF1 0.277 - Smooth 6.7758 m
Epoch 20/50 - 0.84s - Loss 0.654998 - ValidLoss 0.634390 - ValidErr 7.5779 m - CntMAE 1.139 - DetF1 0.282 - Smooth 7.0164 m
Epoch 21/50 - 0.84s - Loss 0.686153 - ValidLoss 0.604654 - ValidErr 7.7309 m - CntMAE 1.222 - DetF1 0.290 - Smooth 7.2308 m
Epoch 22/50 - 0.84s - Loss 0.660315 - ValidLoss 0.609599 - ValidErr 6.5443 m - CntMAE 1.028 - DetF1 0.282 - Smooth 7.0248 m
Epoch 23/50 - 0.84s - Loss 0.675833 - ValidLoss 0.629035 - ValidErr 7.6847 m - CntMAE 1.194 - DetF1 0.338 - Smooth 7.2228 m
Epoch 24/50 - 0.85s - Loss 0.680171 - ValidLoss 0.604069 - ValidErr 6.3706 m - CntMAE 1.028 - DetF1 0.269 - Smooth 6.9671 m
Epoch 25/50 - 0.85s - Loss 0.622220 - ValidLoss 0.580800 - ValidErr 4.9364 m - CntMAE 0.750 - DetF1 0.395 - Smooth 6.3579 m
Epoch 26/50 - 0.84s - Loss 0.630021 - ValidLoss 0.573399 - ValidErr 7.4389 m - CntMAE 1.111 - DetF1 0.303 - Smooth 6.6822 m
Epoch 27/50 - 0.84s - Loss 0.623959 - ValidLoss 0.582077 - ValidErr 7.5209 m - CntMAE 1.111 - DetF1 0.273 - Smooth 6.9338 m
Epoch 28/50 - 0.84s - Loss 0.609729 - ValidLoss 0.554121 - ValidErr 3.9312 m - CntMAE 0.694 - DetF1 0.395 - Smooth 6.0330 m
Epoch 29/50 - 0.85s - Loss 0.588759 - ValidLoss 0.560618 - ValidErr 5.8012 m - CntMAE 0.917 - DetF1 0.384 - Smooth 5.9635 m
Epoch 30/50 - 0.85s - Loss 0.591755 - ValidLoss 0.573288 - ValidErr 3.8013 m - CntMAE 0.556 - DetF1 0.415 - Smooth 5.3148 m
Epoch 31/50 - 0.84s - Loss 0.590134 - ValidLoss 0.549037 - ValidErr 4.0253 m - CntMAE 0.583 - DetF1 0.447 - Smooth 4.9280 m
Epoch 32/50 - 0.84s - Loss 0.598179 - ValidLoss 0.552413 - ValidErr 7.6062 m - CntMAE 1.111 - DetF1 0.344 - Smooth 5.7314 m
Epoch 33/50 - 0.84s - Loss 0.553641 - ValidLoss 0.540491 - ValidErr 4.0622 m - CntMAE 0.611 - DetF1 0.463 - Smooth 5.2307 m
Epoch 34/50 - 0.84s - Loss 0.573876 - ValidLoss 0.524000 - ValidErr 3.8139 m - CntMAE 0.583 - DetF1 0.458 - Smooth 4.8056 m
Epoch 35/50 - 0.85s - Loss 0.564047 - ValidLoss 0.537686 - ValidErr 4.9663 m - CntMAE 0.722 - DetF1 0.421 - Smooth 4.8538 m
Epoch 36/50 - 0.85s - Loss 0.584480 - ValidLoss 0.539023 - ValidErr 3.9824 m - CntMAE 0.583 - DetF1 0.469 - Smooth 4.5924 m
Epoch 37/50 - 0.84s - Loss 0.559084 - ValidLoss 0.523048 - ValidErr 3.5818 m - CntMAE 0.556 - DetF1 0.476 - Smooth 4.2892 m
Epoch 38/50 - 0.84s - Loss 0.546388 - ValidLoss 0.529704 - ValidErr 3.8650 m - CntMAE 0.583 - DetF1 0.506 - Smooth 4.1619 m
Epoch 39/50 - 0.84s - Loss 0.548117 - ValidLoss 0.533104 - ValidErr 4.3608 m - CntMAE 0.667 - DetF1 0.500 - Smooth 4.2216 m
Epoch 40/50 - 0.84s - Loss 0.543514 - ValidLoss 0.525944 - ValidErr 3.4973 m - CntMAE 0.528 - DetF1 0.494 - Smooth 4.0043 m
Epoch 41/50 - 0.84s - Loss 0.545231 - ValidLoss 0.509097 - ValidErr 3.9716 m - CntMAE 0.611 - DetF1 0.488 - Smooth 3.9945 m
Epoch 42/50 - 0.84s - Loss 0.527104 - ValidLoss 0.519669 - ValidErr 4.1398 m - CntMAE 0.639 - DetF1 0.494 - Smooth 4.0381 m
Epoch 43/50 - 0.84s - Loss 0.540122 - ValidLoss 0.504794 - ValidErr 4.4743 m - CntMAE 0.667 - DetF1 0.500 - Smooth 4.1690 m
Epoch 44/50 - 0.84s - Loss 0.534662 - ValidLoss 0.517704 - ValidErr 4.1112 m - CntMAE 0.611 - DetF1 0.512 - Smooth 4.1516 m
Epoch 45/50 - 0.84s - Loss 0.541125 - ValidLoss 0.518829 - ValidErr 3.8097 m - CntMAE 0.583 - DetF1 0.482 - Smooth 4.0491 m
Epoch 46/50 - 0.84s - Loss 0.519889 - ValidLoss 0.520991 - ValidErr 4.2395 m - CntMAE 0.639 - DetF1 0.481 - Smooth 4.1062 m
Epoch 47/50 - 0.85s - Loss 0.538088 - ValidLoss 0.519290 - ValidErr 4.2538 m - CntMAE 0.667 - DetF1 0.475 - Smooth 4.1505 m
Epoch 48/50 - 0.85s - Loss 0.548510 - ValidLoss 0.530456 - ValidErr 4.2891 m - CntMAE 0.667 - DetF1 0.500 - Smooth 4.1921 m
Epoch 49/50 - 0.84s - Loss 0.553300 - ValidLoss 0.525676 - ValidErr 4.2873 m - CntMAE 0.667 - DetF1 0.500 - Smooth 4.2206 m
Epoch that the model was saved 41 - best smoothed error 3.9945 m
  calibrated objectness threshold: 0.30
  [classroom] setErr 3.1571 m - matchedMDE 0.7624 m - cntMAE 1.933 - exactCnt 0.100 - detF1 0.625 - const 3.3365 m
Repeat 2
Epoch 0/50 - 0.86s - Loss 1.264559 - ValidLoss 0.984348 - ValidErr 7.9058 m - CntMAE 1.306 - DetF1 0.000 - Smooth 7.9058 m
Epoch 1/50 - 0.85s - Loss 1.188746 - ValidLoss 1.240835 - ValidErr 7.8651 m - CntMAE 1.306 - DetF1 0.000 - Smooth 7.8936 m
Epoch 2/50 - 0.85s - Loss 1.103450 - ValidLoss 0.968355 - ValidErr 7.5897 m - CntMAE 1.861 - DetF1 0.147 - Smooth 7.8024 m
Epoch 3/50 - 0.85s - Loss 0.937983 - ValidLoss 0.725202 - ValidErr 7.7624 m - CntMAE 1.194 - DetF1 0.105 - Smooth 7.7904 m
Epoch 4/50 - 0.84s - Loss 0.926223 - ValidLoss 0.848657 - ValidErr 5.5003 m - CntMAE 1.028 - DetF1 0.265 - Smooth 7.1034 m
Epoch 5/50 - 0.85s - Loss 0.825698 - ValidLoss 0.742529 - ValidErr 7.5307 m - CntMAE 1.167 - DetF1 0.167 - Smooth 7.2316 m
Epoch 6/50 - 0.85s - Loss 0.816095 - ValidLoss 0.805721 - ValidErr 5.3896 m - CntMAE 1.083 - DetF1 0.277 - Smooth 6.6790 m
Epoch 7/50 - 0.84s - Loss 0.798944 - ValidLoss 0.700056 - ValidErr 7.6228 m - CntMAE 1.111 - DetF1 0.125 - Smooth 6.9621 m
Epoch 8/50 - 0.85s - Loss 0.766556 - ValidLoss 0.722318 - ValidErr 7.3700 m - CntMAE 1.222 - DetF1 0.386 - Smooth 7.0845 m
Epoch 9/50 - 0.84s - Loss 0.725813 - ValidLoss 0.632920 - ValidErr 7.6991 m - CntMAE 1.278 - DetF1 0.161 - Smooth 7.2689 m
Epoch 10/50 - 0.85s - Loss 0.720820 - ValidLoss 0.624925 - ValidErr 2.4994 m - CntMAE 0.361 - DetF1 0.473 - Smooth 5.8380 m
Epoch 11/50 - 0.85s - Loss 0.725393 - ValidLoss 0.688250 - ValidErr 7.5465 m - CntMAE 1.139 - DetF1 0.269 - Smooth 6.3506 m
Epoch 12/50 - 0.85s - Loss 0.733664 - ValidLoss 0.685415 - ValidErr 5.5638 m - CntMAE 0.694 - DetF1 0.376 - Smooth 6.1146 m
Epoch 13/50 - 0.84s - Loss 0.691531 - ValidLoss 0.626689 - ValidErr 7.0796 m - CntMAE 1.000 - DetF1 0.359 - Smooth 6.4041 m
Epoch 14/50 - 0.85s - Loss 0.672935 - ValidLoss 0.644018 - ValidErr 7.2952 m - CntMAE 0.944 - DetF1 0.270 - Smooth 6.6714 m
Epoch 15/50 - 0.84s - Loss 0.706656 - ValidLoss 0.625538 - ValidErr 7.4382 m - CntMAE 1.028 - DetF1 0.215 - Smooth 6.9015 m
Epoch 16/50 - 0.85s - Loss 0.683925 - ValidLoss 0.602376 - ValidErr 7.2543 m - CntMAE 1.000 - DetF1 0.306 - Smooth 7.0073 m
Epoch 17/50 - 0.85s - Loss 0.644481 - ValidLoss 0.589922 - ValidErr 6.8381 m - CntMAE 0.861 - DetF1 0.254 - Smooth 6.9566 m
Epoch 18/50 - 0.84s - Loss 0.640034 - ValidLoss 0.561558 - ValidErr 4.3860 m - CntMAE 0.556 - DetF1 0.415 - Smooth 6.1854 m
Epoch 19/50 - 0.85s - Loss 0.650887 - ValidLoss 0.587679 - ValidErr 5.9653 m - CntMAE 0.778 - DetF1 0.282 - Smooth 6.1194 m
Epoch 20/50 - 0.85s - Loss 0.650552 - ValidLoss 0.575403 - ValidErr 7.2687 m - CntMAE 0.944 - DetF1 0.278 - Smooth 6.4642 m
Epoch 21/50 - 0.85s - Loss 0.662783 - ValidLoss 0.564751 - ValidErr 6.1366 m - CntMAE 0.889 - DetF1 0.306 - Smooth 6.3659 m
Epoch 22/50 - 0.85s - Loss 0.648633 - ValidLoss 0.614277 - ValidErr 7.5348 m - CntMAE 1.083 - DetF1 0.254 - Smooth 6.7166 m
Epoch 23/50 - 0.85s - Loss 0.601315 - ValidLoss 0.587641 - ValidErr 4.7253 m - CntMAE 0.639 - DetF1 0.414 - Smooth 6.1192 m
Epoch 24/50 - 0.85s - Loss 0.637885 - ValidLoss 0.578008 - ValidErr 6.6505 m - CntMAE 0.944 - DetF1 0.229 - Smooth 6.2786 m
Epoch 25/50 - 0.85s - Loss 0.621931 - ValidLoss 0.567557 - ValidErr 7.0702 m - CntMAE 0.972 - DetF1 0.301 - Smooth 6.5161 m
Epoch 26/50 - 0.84s - Loss 0.601180 - ValidLoss 0.598630 - ValidErr 7.3860 m - CntMAE 1.083 - DetF1 0.254 - Smooth 6.7771 m
Epoch 27/50 - 0.85s - Loss 0.621376 - ValidLoss 0.580014 - ValidErr 4.0925 m - CntMAE 0.611 - DetF1 0.442 - Smooth 5.9717 m
Epoch 28/50 - 0.85s - Loss 0.603507 - ValidLoss 0.584080 - ValidErr 6.2062 m - CntMAE 0.861 - DetF1 0.282 - Smooth 6.0420 m
Epoch 29/50 - 0.85s - Loss 0.615821 - ValidLoss 0.595656 - ValidErr 7.5105 m - CntMAE 1.083 - DetF1 0.319 - Smooth 6.4826 m
Epoch 30/50 - 0.84s - Loss 0.585366 - ValidLoss 0.590392 - ValidErr 6.9116 m - CntMAE 0.944 - DetF1 0.314 - Smooth 6.6113 m
Epoch 31/50 - 0.84s - Loss 0.572047 - ValidLoss 0.576320 - ValidErr 6.1206 m - CntMAE 0.833 - DetF1 0.375 - Smooth 6.4641 m
Epoch 32/50 - 0.85s - Loss 0.557503 - ValidLoss 0.571153 - ValidErr 6.5842 m - CntMAE 0.889 - DetF1 0.389 - Smooth 6.5001 m
Epoch 33/50 - 0.84s - Loss 0.565533 - ValidLoss 0.567917 - ValidErr 6.5142 m - CntMAE 0.889 - DetF1 0.405 - Smooth 6.5043 m
Epoch 34/50 - 0.84s - Loss 0.575542 - ValidLoss 0.555518 - ValidErr 6.0781 m - CntMAE 0.806 - DetF1 0.416 - Smooth 6.3765 m
Epoch 35/50 - 0.85s - Loss 0.548031 - ValidLoss 0.559507 - ValidErr 6.8600 m - CntMAE 0.944 - DetF1 0.361 - Smooth 6.5215 m
Epoch 36/50 - 0.85s - Loss 0.550540 - ValidLoss 0.568334 - ValidErr 6.1017 m - CntMAE 0.833 - DetF1 0.395 - Smooth 6.3956 m
Epoch 37/50 - 0.85s - Loss 0.545606 - ValidLoss 0.541488 - ValidErr 5.6024 m - CntMAE 0.778 - DetF1 0.436 - Smooth 6.1576 m
Epoch 38/50 - 0.85s - Loss 0.520777 - ValidLoss 0.546731 - ValidErr 4.6094 m - CntMAE 0.556 - DetF1 0.465 - Smooth 5.6932 m
Epoch 39/50 - 0.85s - Loss 0.540158 - ValidLoss 0.551363 - ValidErr 5.0000 m - CntMAE 0.639 - DetF1 0.434 - Smooth 5.4852 m
Epoch 40/50 - 0.85s - Loss 0.553200 - ValidLoss 0.551682 - ValidErr 4.4481 m - CntMAE 0.611 - DetF1 0.500 - Smooth 5.1741 m
Epoch 41/50 - 0.85s - Loss 0.547171 - ValidLoss 0.552466 - ValidErr 4.9775 m - CntMAE 0.611 - DetF1 0.415 - Smooth 5.1151 m
Epoch 42/50 - 0.84s - Loss 0.522622 - ValidLoss 0.566353 - ValidErr 5.2482 m - CntMAE 0.639 - DetF1 0.444 - Smooth 5.1550 m
Epoch 43/50 - 0.85s - Loss 0.506937 - ValidLoss 0.570791 - ValidErr 4.5320 m - CntMAE 0.611 - DetF1 0.488 - Smooth 4.9681 m
Epoch 44/50 - 0.85s - Loss 0.546063 - ValidLoss 0.548114 - ValidErr 4.8082 m - CntMAE 0.639 - DetF1 0.469 - Smooth 4.9201 m
Epoch 45/50 - 0.85s - Loss 0.523494 - ValidLoss 0.547310 - ValidErr 4.1986 m - CntMAE 0.528 - DetF1 0.482 - Smooth 4.7037 m
Epoch 46/50 - 0.85s - Loss 0.528708 - ValidLoss 0.565474 - ValidErr 4.1151 m - CntMAE 0.583 - DetF1 0.494 - Smooth 4.5271 m
Epoch 47/50 - 0.85s - Loss 0.491586 - ValidLoss 0.568385 - ValidErr 3.8154 m - CntMAE 0.500 - DetF1 0.500 - Smooth 4.3136 m
Epoch 48/50 - 0.85s - Loss 0.519145 - ValidLoss 0.561174 - ValidErr 3.7362 m - CntMAE 0.472 - DetF1 0.483 - Smooth 4.1404 m
Epoch 49/50 - 0.84s - Loss 0.512502 - ValidLoss 0.552223 - ValidErr 3.6352 m - CntMAE 0.500 - DetF1 0.535 - Smooth 3.9888 m
Epoch that the model was saved 49 - best smoothed error 3.9888 m
  calibrated objectness threshold: 0.35
  [classroom] setErr 3.4149 m - matchedMDE 0.9707 m - cntMAE 1.817 - exactCnt 0.183 - detF1 0.505 - const 3.3365 m

[classroom] avg over 3 repeats: setErr 3.2294 ± 0.0935 m | matchedMDE 0.8405 m | cntMAE 1.872 | detF1 0.575 | constant-baseline 3.3365 m

================================================================================================
POOLED MULTI-USER ROOM-AGNOSTIC LOR (set) - WiMANS + H-WILD | folds ['classroom'] | repeat 3 | epochs 50 | max_per_room 60
================================================================================================
room         dataset   setErr  baseline  matchedMDE  cntMAE  exactCnt   detF1
classroom    wimans     3.229     3.337       0.840   1.872     0.150   0.575
------------------------------------------------------------------------------------------------
AVERAGE                 3.229     3.337

setErr = mean matched distance + per-miss penalty (multi-user). Beating the baseline column means the model learned a transferable mapping.

Results saved to: output/lor_all/lor_all_multi_user_set_folds-classroom_r3_e50_20261006_163655.json
Report saved to:  output/lor_all/lor_all_multi_user_set_folds-classroom_r3_e50_20261006_163655.txt
Total time: 189.3145990371704 seconds
